// Jest Snapshot v1, https://goo.gl/fbAQLP

exports[`<Button /> should render the filled style by default 1`] = `
.c0 {
  display: -webkit-inline-box;
  display: -webkit-inline-flex;
  display: -ms-inline-flexbox;
  display: inline-flex;
  -webkit-align-items: center;
  -webkit-box-align: center;
  -ms-flex-align: center;
  align-items: center;
  -webkit-box-pack: center;
  -webkit-justify-content: center;
  -ms-flex-pack: center;
  justify-content: center;
  font-size: Barlow,-apple-system,BlinkMacSystemFont,'Segoe UI',Roboto,Oxygen,Ubuntu,Cantarell,'Open Sans','Helvetica Neue',sans-serif;
  font-weight: 600;
  font-size: 16px;
  padding: 0 16px;
  cursor: pointer;
  border: none;
  -webkit-text-decoration: none;
  text-decoration: none;
  -webkit-transition: 0.3s ease-in-out;
  transition: 0.3s ease-in-out;
  min-height: 40px;
  max-height: 40px;
  color: #FFFFFF;
  background: #000000;
}

.c0:focus {
  opacity: 0.75;
}

<button
  class="c0"
>
  Button component
</button>
`;
