// Jest Snapshot v1, https://goo.gl/fbAQLP

exports[`<ScrollButtons /> should render the scroll buttons 1`] = `
.c1 {
  display: -webkit-inline-box;
  display: -webkit-inline-flex;
  display: -ms-inline-flexbox;
  display: inline-flex;
  -webkit-align-items: center;
  -webkit-box-align: center;
  -ms-flex-align: center;
  align-items: center;
  -webkit-box-pack: center;
  -webkit-justify-content: center;
  -ms-flex-pack: center;
  justify-content: center;
  font-size: Barlow,-apple-system,BlinkMacSystemFont,'Segoe UI',Roboto,Oxygen,Ubuntu,Cantarell,'Open Sans','Helvetica Neue',sans-serif;
  font-weight: 600;
  font-size: 16px;
  padding: 0 16px;
  cursor: pointer;
  border: none;
  -webkit-text-decoration: none;
  text-decoration: none;
  -webkit-transition: 0.3s ease-in-out;
  transition: 0.3s ease-in-out;
  min-height: 40px;
  max-height: 40px;
  color: #000000;
  background: #FFFFFF;
  border: 1px solid #000000;
}

.c1:focus {
  opacity: 0.75;
}

.c1:hover {
  color: #FFFFFF;
  background: #000000;
}

.c0 {
  position: fixed;
  bottom: 0;
  right: 0;
  display: -webkit-box;
  display: -webkit-flex;
  display: -ms-flexbox;
  display: flex;
  gap: 16px;
  padding: 24px;
}

<div
  class="c0"
>
  <button
    aria-label="Down"
    class="c1"
  >
    Down
  </button>
  <button
    aria-label="Up"
    class="c1"
  >
    Up
  </button>
</div>
`;
